→ Search Console (7 gün) çekiliyor...
  ✓ 50 query, 12 sayfa
→ GA4 (7 gün) çekiliyor...
  ✓ 11 sayfa, 3 kanal

✓ Rapor: /root/projects/pdfislemleri.com/reports/seo-2026-04-17.json

─── ÖZET ───
Search Console: 32 tıklama, 466 gösterim
Top 5 query:
  • pdf birleştirme                     22tk / 141gz / pos 21.0
  • pdf birleştir                       5tk / 20gz / pos 19.2
  • pdf sıkıştırma                      2tk / 11gz / pos 24.8
  • pdf kucultme                        1tk / 1gz / pos 67
  • pdf küçültme                        1tk / 6gz / pos 85.2
GA4: 50 aktif kullanıcı
Top 5 sayfa:
  • /blog/pdf-birlestirme               22u / 23pv / eng%78.3
  • /                                   17u / 64pv / eng%37.0
  • /blog                               2u / 19pv / eng%100.0
  • /blog/pdf-sikistirma                2u / 2pv / eng%100.0
  • /about                              1u / 0pv / eng%100.0
[2026-04-17T15:38:09+00:00] Rapor üretildi
→ Search Console (7 gün) çekiliyor...
  ✓ 50 query, 15 sayfa
→ GA4 (7 gün) çekiliyor...
  ✓ 17 sayfa, 3 kanal

✓ Rapor: /root/projects/pdfislemleri.com/reports/seo-2026-04-20.json

─── ÖZET ───
Search Console: 29 tıklama, 489 gösterim
Top 5 query:
  • pdf birleştirme                     22tk / 118gz / pos 21.1
  • pdf birleştir                       4tk / 23gz / pos 18.8
  • pdf ayır                            1tk / 229gz / pos 11.4
  • pdf kucultme                        1tk / 1gz / pos 67
  • ücretsiz pdf birleştirme            1tk / 7gz / pos 36.1
GA4: 78 aktif kullanıcı
Top 5 sayfa:
  • /                                   32u / 239pv / eng%62.7
  • /blog/pdf-birlestirme               21u / 26pv / eng%90.9
  • /blog                               4u / 31pv / eng%100.0
  • /about                              3u / 6pv / eng%100.0
  • /blog/word-pdf-donusturme           3u / 7pv / eng%100.0
[2026-04-20T09:00:05+00:00] Rapor üretildi
→ Search Console (7 gün) çekiliyor...
  ✓ 50 query, 17 sayfa
→ GA4 (7 gün) çekiliyor...
  ✓ 9 sayfa, 4 kanal

✓ Rapor: /root/projects/pdfislemleri.com/reports/seo-2026-04-27.json

─── ÖZET ───
Search Console: 10 tıklama, 421 gösterim
Top 5 query:
  • pdf birleştirme                     7tk / 75gz / pos 19.6
  • pdf birleştir                       1tk / 35gz / pos 15.1
  • pdf birleştirme nasıl yapılır       1tk / 3gz / pos 42.7
  • pdf boyut küçültme                  1tk / 8gz / pos 43
  • 2 pdf birleştirme                   0tk / 1gz / pos 41
GA4: 27 aktif kullanıcı
Top 5 sayfa:
  • /                                   10u / 74pv / eng%80.0
  • /blog/pdf-birlestirme               8u / 8pv / eng%75.0
  • /blog                               3u / 8pv / eng%100.0
  • /blog/pdf-ayirma                    1u / 3pv / eng%100.0
  • /blog/pdf-excel-donusturme          1u / 2pv / eng%100.0
[2026-04-27T09:00:05+00:00] Rapor üretildi
→ Search Console (7 gün) çekiliyor...
  ✓ 50 query, 18 sayfa
→ GA4 (7 gün) çekiliyor...
  ✓ 7 sayfa, 4 kanal

✓ Rapor: /root/projects/pdfislemleri.com/reports/seo-2026-04-28.json

─── ÖZET ───
Search Console: 13 tıklama, 476 gösterim
Top 5 query:
  • pdf birleştirme                     9tk / 113gz / pos 18.5
  • pdf birleştir                       2tk / 46gz / pos 15.7
  • pdf birleştirme nasıl yapılır       1tk / 3gz / pos 42.7
  • pdf boyut küçültme                  1tk / 7gz / pos 43.6
  • 2 pdf dosyası nasıl birleştirilir   0tk / 1gz / pos 44
GA4: 22 aktif kullanıcı
Top 5 sayfa:
  • /blog/pdf-birlestirme               9u / 9pv / eng%55.6
  • /                                   7u / 51pv / eng%84.6
  • /blog                               2u / 6pv / eng%100.0
  • /blog/pdf-ayirma                    1u / 3pv / eng%100.0
  • /blog/pdf-sikistirma                1u / 1pv / eng%0.0
[2026-04-28T11:07:51+00:00] Rapor üretildi
→ Search Console (7 gün) çekiliyor...
  ✓ 50 query, 15 sayfa
→ GA4 (7 gün) çekiliyor...
  ✓ 5 sayfa, 3 kanal

✓ Rapor: /root/projects/pdfislemleri.com/reports/seo-2026-05-04.json

─── ÖZET ───
Search Console: 15 tıklama, 472 gösterim
Top 5 query:
  • pdf birleştirme                     8tk / 195gz / pos 14.1
  • pdf birleştir                       2tk / 38gz / pos 15.1
  • pdf 10 mb altına düşürme            1tk / 1gz / pos 23
  • pdf boyut küçültme                  1tk / 6gz / pos 57.5
  • pdf küçültme                        1tk / 7gz / pos 70.3
GA4: 21 aktif kullanıcı
Top 5 sayfa:
  • /                                   9u / 19pv / eng%88.9
  • /blog/pdf-birlestirme               7u / 7pv / eng%42.9
  • /blog/pdf-sikistirma                3u / 3pv / eng%66.7
  • /blog/pdf-nedir                     1u / 1pv / eng%100.0
  • /terms                              1u / 1pv / eng%100.0
[2026-05-04T09:00:05+00:00] Rapor üretildi
→ Search Console (7 gün) çekiliyor...
  ✓ 50 query, 15 sayfa
→ GA4 (7 gün) çekiliyor...
  ✓ 4 sayfa, 3 kanal

✓ Rapor: /root/projects/pdfislemleri.com/reports/seo-2026-05-11.json

─── ÖZET ───
Search Console: 13 tıklama, 1701 gösterim
Top 5 query:
  • pdf birleştirme                     10tk / 634gz / pos 11.2
  • pdf sıkıştırma                      2tk / 12gz / pos 65.2
  • pdf birleştir                       1tk / 153gz / pos 10.6
  • 2 sayfa pdf tek sayfa yapma         0tk / 1gz / pos 37
  • belge boyut küçültme                0tk / 1gz / pos 61
GA4: 23 aktif kullanıcı
Top 5 sayfa:
  • /                                   9u / 14pv / eng%60.0
  • /blog/pdf-birlestirme               9u / 10pv / eng%55.6
  • /blog/pdf-sikistirma                4u / 4pv / eng%25.0
  • /blog/pdf-imzalama                  1u / 1pv / eng%100.0
[2026-05-11T09:00:06+00:00] Rapor üretildi
→ Search Console (7 gün) çekiliyor...
  ✓ 50 query, 21 sayfa
→ GA4 (7 gün) çekiliyor...
  ✓ 7 sayfa, 3 kanal

✓ Rapor: /root/projects/pdfislemleri.com/reports/seo-2026-05-18.json

─── ÖZET ───
Search Console: 15 tıklama, 2679 gösterim
Top 5 query:
  • pdf birleştirme                     7tk / 2238gz / pos 9.2
  • pdf sıkıştırma                      6tk / 23gz / pos 28.2
  • pdf küçültme                        1tk / 5gz / pos 54
  • programsız pdf boyut küçültme       1tk / 1gz / pos 39
  • 5070 sayili elektronik imza kanunu  0tk / 1gz / pos 38
GA4: 25 aktif kullanıcı
Top 5 sayfa:
  • /blog/pdf-sikistirma                10u / 10pv / eng%30.0
  • /blog/pdf-birlestirme               6u / 6pv / eng%66.7
  • /                                   5u / 7pv / eng%16.7
  • /about                              1u / 2pv / eng%100.0
  • /blog/islak-imza-e-imza-fark        1u / 1pv / eng%0.0
[2026-05-18T09:00:05+00:00] Rapor üretildi
→ Search Console (7 gün) çekiliyor...
  ✓ 50 query, 25 sayfa
→ GA4 (7 gün) çekiliyor...
  ✓ 9 sayfa, 3 kanal

✓ Rapor: /root/projects/pdfislemleri.com/reports/seo-2026-05-25.json

─── ÖZET ───
Search Console: 7 tıklama, 317 gösterim
Top 5 query:
  • pdf sıkıştırma                      5tk / 22gz / pos 26.2
  • pdf ayirici                         1tk / 1gz / pos 30
  • pdf birleştirme                     1tk / 187gz / pos 10.3
  • 2 pdf nasıl birleştirilir           0tk / 1gz / pos 24
  • 5070 sayili elektronik imza kanunu  0tk / 1gz / pos 38
GA4: 23 aktif kullanıcı
Top 5 sayfa:
  • /                                   7u / 9pv / eng%42.9
  • /blog/pdf-sikistirma                6u / 7pv / eng%50.0
  • /blog/islak-imza-e-imza-fark        2u / 2pv / eng%0.0
  • /blog/pdf-birlestirme               2u / 4pv / eng%25.0
  • /pdf-sikistir                       2u / 2pv / eng%0.0
[2026-05-25T09:00:05+00:00] Rapor üretildi

=== [2026-05-28T21:03:06+00:00] start pdfislemleri ===
→ Search Console (7 gün, pdfislemleri.com) çekiliyor...
  ✓ 50 query, 25 sayfa
→ GA4 (7 gün) çekiliyor...
  ✓ 11 sayfa, 3 kanal

✓ Rapor: /root/projects/pdfislemleri.com/data/analytics/seo-2026-05-28.json

─── ÖZET ───
Search Console: 6 tıklama, 228 gösterim
Top 5 query:
  • pdf sıkıştırma                      3tk / 18gz / pos 30.7
  • büyük pdf küçültme                  1tk / 1gz / pos 40
  • pdf ayirici                         1tk / 1gz / pos 30
  • pdf birleştirme                     1tk / 123gz / pos 10.8
  • 5070 sayılı elektronik imza kanunu  0tk / 1gz / pos 31
GA4: 19 aktif kullanıcı
Top 5 sayfa:
  • /                                   5u / 7pv / eng%33.3
  • /blog/pdf-sikistirma                3u / 3pv / eng%0.0
  • /blog/islak-imza-e-imza-fark        2u / 2pv / eng%0.0
  • /pdf-sikistir                       2u / 2pv / eng%0.0
  • /blog/e-imza-yasal-gecerlilik       1u / 1pv / eng%100.0
[regression] impressions: prev=317 (seo-2026-05-25) -> curr=228  delta=-28.1%
=== [2026-05-28T21:03:09+00:00] done pdfislemleri ===

=== [2026-06-01T09:00:01+00:00] start pdfislemleri ===
→ Search Console (7 gün, pdfislemleri.com) çekiliyor...
  ✓ 50 query, 31 sayfa
→ GA4 (7 gün) çekiliyor...
  ✓ 7 sayfa, 3 kanal

✓ Rapor: /root/projects/pdfislemleri.com/data/analytics/seo-2026-06-01.json

─── ÖZET ───
Search Console: 2 tıklama, 123 gösterim
Top 5 query:
  • büyük pdf küçültme                  1tk / 1gz / pos 40
  • pdf ocr yapma                       1tk / 1gz / pos 38
  • 2026 yılında pdf belgelerini kırpmak ve düzenlemek için kullanılabilecek ücretsiz pdf uygulamaları nelerdir? 0tk / 1gz / pos 5
  • 5070 sayılı kanun nedir             0tk / 1gz / pos 13
  • birden fazla pdf birleştirme        0tk / 1gz / pos 12
GA4: 12 aktif kullanıcı
Top 5 sayfa:
  • /                                   6u / 11pv / eng%28.6
  • /blog/pdf-email-gonderim            1u / 1pv / eng%0.0
  • /blog/pdf-imzalama                  1u / 1pv / eng%100.0
  • /blog/pdf-ocr                       1u / 1pv / eng%100.0
  • /blog/pdf-sikistirma                1u / 2pv / eng%0.0
[regression] impressions: prev=228 (seo-2026-05-28) -> curr=123  delta=-46.1%
=== [2026-06-01T09:00:05+00:00] done pdfislemleri ===

=== [2026-06-08T09:00:02+00:00] start pdfislemleri ===
→ Search Console (7 gün, pdfislemleri.com) çekiliyor...
  ✓ 50 query, 41 sayfa
→ GA4 (7 gün) çekiliyor...
  ✓ 16 sayfa, 4 kanal

✓ Rapor: /root/projects/pdfislemleri.com/data/analytics/seo-2026-06-08.json

─── ÖZET ───
Search Console: 6 tıklama, 144 gösterim
Top 5 query:
  • pdf ayirma                          1tk / 4gz / pos 25.2
  • pdf birleştirme                     1tk / 20gz / pos 31.5
  • pdf küçültme                        1tk / 12gz / pos 46.2
  • pdf sıkıştırma                      1tk / 7gz / pos 43.9
  • pdf şifre kaldırma                  1tk / 13gz / pos 13.1
GA4: 37 aktif kullanıcı
Top 5 sayfa:
  • /                                   8u / 10pv / eng%50.0
  • /blog/pdf-sikistirma                4u / 5pv / eng%75.0
  • /blog/pdf-acilmiyor-cozum           3u / 3pv / eng%0.0
  • /blog/pdf-birlestirme               3u / 2pv / eng%33.3
  • /blog/pdf-sayfa-dondurme            3u / 3pv / eng%66.7
[regression] impressions: prev=123 (seo-2026-06-01) -> curr=144  delta=+17.1%
=== [2026-06-08T09:00:07+00:00] done pdfislemleri ===

=== [2026-06-15T09:00:01+00:00] start pdfislemleri ===
→ Search Console (7 gün, pdfislemleri.com) çekiliyor...
  ✓ 50 query, 39 sayfa
→ GA4 (7 gün) çekiliyor...
  ✓ 34 sayfa, 4 kanal

✓ Rapor: /root/projects/pdfislemleri.com/data/analytics/seo-2026-06-15.json

─── ÖZET ───
Search Console: 19 tıklama, 539 gösterim
Top 5 query:
  • pdf birleştirme                     18tk / 361gz / pos 11.6
  • pdf ayır                            1tk / 9gz / pos 24.4
  • 2 pdf birleştirme                   0tk / 3gz / pos 10.7
  • 2 pdf tek pdf yapma                 0tk / 1gz / pos 11
  • 2026 yılında piyasada bulunan en iyi ücretsiz pdf düzenleme uygulamaları hangileridir? 0tk / 1gz / pos 11
GA4: 81 aktif kullanıcı
Top 5 sayfa:
  • /blog/pdf-birlestirme               17u / 18pv / eng%50.0
  • /pdf-birlestir                      15u / 18pv / eng%28.6
  • /                                   9u / 23pv / eng%63.6
  • /blog/pdf-acilmiyor-cozum           6u / 7pv / eng%42.9
  • /pdf-ayir                           3u / 3pv / eng%66.7
[regression] impressions: prev=144 (seo-2026-06-08) -> curr=539  delta=+274.3%
=== [2026-06-15T09:00:07+00:00] done pdfislemleri ===

=== [2026-06-22T09:00:02+00:00] start pdfislemleri ===
WARN: SEO impressions düşüşü 75.9% (önceki 539 -> şimdiki 130, eşik 50.0%)
→ Search Console (7 gün, pdfislemleri.com) çekiliyor...
  ✓ 50 query, 40 sayfa
→ GA4 (7 gün) çekiliyor...
  ✓ 50 sayfa, 3 kanal

✓ Rapor: /root/projects/pdfislemleri.com/data/analytics/seo-2026-06-22.json

─── ÖZET ───
Search Console: 6 tıklama, 130 gösterim
Top 5 query:
  • pdf ayır                            2tk / 11gz / pos 32
  • pdf şifre kaldırma                  2tk / 13gz / pos 12.6
  • pdf birlestirme                     1tk / 1gz / pos 24
  • pdf küçültme                        1tk / 10gz / pos 54.4
  • 2 pdf dosyası nasıl birleştirilir   0tk / 1gz / pos 49
GA4: 68 aktif kullanıcı
Top 5 sayfa:
  • /                                   5u / 36pv / eng%40.0
  • /about.html                         2u / 7pv / eng%0.0
  • /blog.html                          2u / 8pv / eng%0.0
  • /blog/pdf-acilmiyor-cozum           2u / 2pv / eng%100.0
  • /blog/pdf-ayirma.html               2u / 8pv / eng%0.0
[regression] impressions: prev=539 (seo-2026-06-15) -> curr=130  delta=-75.9%
=== [2026-06-22T09:00:08+00:00] done pdfislemleri ===

=== [2026-06-29T09:00:02+00:00] start pdfislemleri ===
→ Search Console (7 gün, pdfislemleri.com) çekiliyor...
  ✓ 50 query, 35 sayfa
→ GA4 (7 gün) çekiliyor...
  ✓ 10 sayfa, 3 kanal

✓ Rapor: /root/projects/pdfislemleri.com/data/analytics/seo-2026-06-29.json

─── ÖZET ───
Search Console: 8 tıklama, 138 gösterim
Top 5 query:
  • pdf boyut küçültme                  2tk / 8gz / pos 49.4
  • pdfayır                             2tk / 18gz / pos 7.2
  • pdf ayır                            1tk / 7gz / pos 39.3
  • pdf küçültme                        1tk / 6gz / pos 59
  • pdf sikiştirma                      1tk / 1gz / pos 51
GA4: 26 aktif kullanıcı
Top 5 sayfa:
  • /                                   7u / 11pv / eng%37.5
  • /blog/pdf-sikistirma                5u / 6pv / eng%20.0
  • /blog/pdf-acilmiyor-cozum           3u / 3pv / eng%100.0
  • /blog/pdf-sifre-kaldirma            2u / 3pv / eng%50.0
  • /pdf-ayir                           2u / 2pv / eng%50.0
[regression] impressions: prev=130 (seo-2026-06-22) -> curr=138  delta=+6.2%
=== [2026-06-29T09:00:08+00:00] done pdfislemleri ===

=== [2026-07-06T09:00:01+00:00] start pdfislemleri ===
→ Search Console (7 gün, pdfislemleri.com) çekiliyor...
  ✓ 50 query, 37 sayfa
→ GA4 (7 gün) çekiliyor...
  ✓ 27 sayfa, 3 kanal

✓ Rapor: /root/projects/pdfislemleri.com/data/analytics/seo-2026-07-06.json

─── ÖZET ───
Search Console: 8 tıklama, 185 gösterim
Top 5 query:
  • pdf birleştirme                     3tk / 8gz / pos 62.9
  • pdf küçültme                        3tk / 16gz / pos 40.2
  • pdf kilidi açma                     1tk / 3gz / pos 34.3
  • pdf sıkıştırma                      1tk / 8gz / pos 46.6
  • belge boyut küçültme                0tk / 1gz / pos 37
GA4: 34 aktif kullanıcı
Top 5 sayfa:
  • /                                   5u / 19pv / eng%100.0
  • /blog/e-arsiv-fatura-pdf-birlestirme 2u / 2pv / eng%50.0
  • /blog/pdf-sikistirma                2u / 2pv / eng%50.0
  • /pdf-birlestir                      2u / 2pv / eng%50.0
  • /about.html                         1u / 4pv / eng%0.0
[regression] impressions: prev=138 (seo-2026-06-29) -> curr=185  delta=+34.1%
=== [2026-07-06T09:00:10+00:00] done pdfislemleri ===

=== [2026-07-13T09:00:01+00:00] start pdfislemleri ===
→ Search Console (7 gün, pdfislemleri.com) çekiliyor...
  ✓ 50 query, 30 sayfa
→ GA4 (7 gün) çekiliyor...
  ✓ 19 sayfa, 3 kanal

✓ Rapor: /root/projects/pdfislemleri.com/data/analytics/seo-2026-07-13.json

─── ÖZET ───
Search Console: 2 tıklama, 150 gösterim
Top 5 query:
  • pdf sıkıştırma                      1tk / 8gz / pos 45.5
  • pdf ters çevirme                    1tk / 22gz / pos 9.7
  • belgeleri birleştirme               0tk / 1gz / pos 45
  • birden fazla dosyayı tek pdf yapma  0tk / 1gz / pos 12
  • birden fazla pdf dosyasını birleştirme 0tk / 1gz / pos 55
GA4: 34 aktif kullanıcı
Top 5 sayfa:
  • /                                   8u / 13pv / eng%44.4
  • /blog/pdf-sayfa-dondurme            5u / 5pv / eng%60.0
  • /pdf-dondur                         3u / 4pv / eng%0.0
  • /blog/mersis-e-imzali-belge-pdf     2u / 2pv / eng%100.0
  • /pdf-to-word                        2u / 2pv / eng%50.0
[regression] impressions: prev=185 (seo-2026-07-06) -> curr=150  delta=-18.9%
=== [2026-07-13T09:00:11+00:00] done pdfislemleri ===

=== [2026-07-20T09:00:02+00:00] start pdfislemleri ===
→ Search Console (7 gün, pdfislemleri.com) çekiliyor...
  ✓ 50 query, 34 sayfa
→ GA4 (7 gün) çekiliyor...
  ✓ 50 sayfa, 3 kanal

✓ Rapor: /root/projects/pdfislemleri.com/data/analytics/seo-2026-07-20.json

─── ÖZET ───
Search Console: 8 tıklama, 134 gösterim
Top 5 query:
  • pdf küçültme                        2tk / 17gz / pos 41.7
  • pdf birleştirme                     1tk / 5gz / pos 60.4
  • pdf ocr                             1tk / 1gz / pos 34
  • pdf sıkıstır                        1tk / 1gz / pos 59
  • pdf sıkıştırma ücretsiz             1tk / 1gz / pos 58
GA4: 76 aktif kullanıcı
Top 5 sayfa:
  • /                                   5u / 5pv / eng%40.0
  • /blog/pdf-acilmiyor-cozum           5u / 6pv / eng%40.0
  • /pdf-birlestir                      5u / 5pv / eng%40.0
  • /blog/pdf-sikistirma                4u / 5pv / eng%75.0
  • /blog/e-arsiv-fatura-pdf-birlestirme 3u / 3pv / eng%33.3
[regression] impressions: prev=150 (seo-2026-07-13) -> curr=134  delta=-10.7%
=== [2026-07-20T09:00:08+00:00] done pdfislemleri ===

=== [2026-07-27T09:00:02+00:00] start pdfislemleri ===
→ Search Console (7 gün, pdfislemleri.com) çekiliyor...
  ✓ 50 query, 38 sayfa
→ GA4 (7 gün) çekiliyor...
  ✓ 28 sayfa, 3 kanal

✓ Rapor: /root/projects/pdfislemleri.com/data/analytics/seo-2026-07-27.json

─── ÖZET ───
Search Console: 10 tıklama, 220 gösterim
Top 5 query:
  • pdfislemleri.tkgm.gov.tr            2tk / 15gz / pos 4.9
  • pdf dikey yapma                     1tk / 9gz / pos 9.8
  • pdf islemleri tkgm gov tr           1tk / 7gz / pos 7.1
  • pdf küçültme                        1tk / 6gz / pos 56.8
  • pdf sayfa sıralama                  1tk / 12gz / pos 9.3
GA4: 59 aktif kullanıcı
Top 5 sayfa:
  • /                                   8u / 11pv / eng%40.0
  • /blog/pdf-acilmiyor-cozum           8u / 8pv / eng%66.7
  • /blog/pdf-sayfa-sirala              5u / 6pv / eng%100.0
  • /blog/tapu-belgesi-pdf-e-imza       4u / 4pv / eng%50.0
  • /blog/e-arsiv-fatura-pdf-birlestirme 3u / 3pv / eng%100.0
[regression] impressions: prev=134 (seo-2026-07-20) -> curr=220  delta=+64.2%
=== [2026-07-27T09:00:11+00:00] done pdfislemleri ===
